*** Using Compiler 'V6.22', folder: 'D:\keil5\ARM\ARMCLANG\Bin'
Build target 'Target_1'
compiling dri_adc.c...
compiling n32g033_it.c...
compiling dri_timer.c...
compiling dri_dog.c...
compiling dri_pvd.c...
compiling main.c...
compiling dri_flash.c...
compiling dri_uart2.c...
compiling dri_gpio.c...
compiling keelop_crc.c...
compiling dri_uart.c...
compiling it_adc.c...
compiling it_433.c...
compiling it_timer.c...
compiling it_exit.c...
compiling app_adc.c...
compiling app_buzz.c...
compiling app_debug.c...
compiling app_433.c...
compiling app_led.c...
compiling app_flash.c...
compiling app_limt.c...
compiling app_motor.c...
compiling app_uart2.c...
compiling app_uart.c...
linking...
Program Size: Code=33348 RO-data=2296 RW-data=40 ZI-data=3248  
FromELF: creating hex file...
After Build - User command #2: E:\N32HEX\N32.bat

E:\N32_3pro\N32G033_3pro>srec_cat "E:\N32\N32G033\Objects\N32G033.hex" -intel  -o "E:\N32HEX\APP_extended.hex" -intel 
".\Objects\N32G033.axf" - 0 Error(s), 0 Warning(s).
Build Time Elapsed:  00:00:03
