Load "E:\\N32_3pro\\N32G033_3pro\\Objects\\N32G033.axf" 
* JLink Info: Device "CORTEX-M0" selected.
Set JLink Project File to "E:\N32_3pro\N32G033_3pro\JLinkSettings.ini"* JLink Info: Device "N32G033K8" selected.

JLink info:
------------
DLL: V9.46 , compiled May 27 2026 12:18:17
Firmware: J-Link V9 compiled Dec 13 2022 11:14:50
Hardware: V9.70
S/N : 69730343 
Feature(s) : RDI, GDB, FlashDL, FlashBP, JFlash 

* JLink Info: InitTarget() start
* JLink Info: InitTarget() end - Took 13.5ms
* JLink Info: Found SW-DP with ID 0x0BB11477
* JLink Info: DPv0 detected
* JLink Info: CoreSight SoC-400 or earlier
* JLink Info: Scanning AP map to find all available APs
* JLink Info: AP[1]: Stopped AP scan as end of AP map has been reached
* JLink Info: AP[0]: AHB-AP (IDR: 0x04770021, ADDR: 0x00000000)
* JLink Info: Iterating through AP map to find AHB-AP to use
* JLink Info: AP[0]: Core found
* JLink Info: AP[0]: AHB-AP ROM base: 0xE00FF000
* JLink Info: CPUID register: 0x410CC200. Implementer code: 0x41 (ARM)
* JLink Info: Found Cortex-M0 r0p0, Little endian.
* JLink Info: FPUnit: 2 code (BP) slots and 0 literal slots
* JLink Info: CoreSight components:
* JLink Info: ROMTbl[0] @ E00FF000
* JLink Info: [0][0]: E000E000 CID B105E00D PID 000BB008 SCS
* JLink Info: [0][1]: E0001000 CID B105E00D PID 000BB00A DWT
* JLink Info: [0][2]: E0002000 CID B105E00D PID 000BB00B FPB
ROMTableAddr = 0xE00FF000
* JLink Info: Reset type: NORMAL (https://kb.segger.com/J-Link_Reset_Strategies)
* JLink Info: Reset: Halt core after reset via DEMCR.VC_CORERESET.
* JLink Info: Reset: Reset device via AIRCR.SYSRESETREQ.

Target info:
------------
Device: N32G033K8
VTarget = 4.833V
State of Pins: TCK: 0, TDI: 1, TDO: 0, TMS: 1, TRES: 1, TRST: 1
Hardware-Breakpoints: 2
Software-Breakpoints: 8192
Watchpoints:          1
JTAG speed: 2000 kHz

* JLink Info: Memory map 'after startup completion point' is active
Erase Done.Programming Done.Verify OK.* JLink Info: Memory map 'before startup completion point' is active
* JLink Info: Reset type: NORMAL (https://kb.segger.com/J-Link_Reset_Strategies)
* JLink Info: Reset: Halt core after reset via DEMCR.VC_CORERESET.
* JLink Info: Reset: Reset device via AIRCR.SYSRESETREQ.
* JLink Info: Memory map 'after startup completion point' is active
Application running ...
Flash Load finished at 11:15:58
